// Jest Snapshot v1, https://goo.gl/fbAQLP

exports[`<InputFieldLabel /> should match snapshot 1`] = `
<label
  className="default"
>
  label
</label>
`;
