// Jest Snapshot v1, https://goo.gl/fbAQLP

exports[`<InputBase /> should match snapshot 1`] = `
<input
  className="default size-lg"
  id="input-test-id"
  onBlur={[Function]}
  onFocus={[Function]}
  onInput={[Function]}
/>
`;
