// Jest Snapshot v1, https://goo.gl/fbAQLP

exports[`<ButtonText /> should match snapshot 1`] = `
<button
  className="default font-size-md default primary"
  disabled={false}
  onBlur={[Function]}
  onClick={[MockFunction]}
  onFocus={[Function]}
  type="button"
>
  button-text
</button>
`;
