// Jest Snapshot v1, https://goo.gl/fbAQLP

exports[`<Button /> should match snapshot 1`] = `
<button
  className="default primary size-md"
  data-testid="button-button-button"
  id="button-button-button"
  type="button"
>
  button
</button>
`;
