// Jest Snapshot v1, https://goo.gl/fbAQLP

exports[`<InputFieldCaption /> should match snapshot 1`] = `
<span
  className="default"
>
  caption
</span>
`;
